C51 COMPILER V9.59.0.0   DISP                                                              01/15/2019 00:48:44 PAGE 1   


C51 COMPILER V9.59.0.0, COMPILATION OF MODULE DISP
OBJECT MODULE PLACED IN .\Objects\DISP.obj
COMPILER INVOKED BY: C:\Keil_v5\C51\BIN\C51.EXE DISP.c OPTIMIZE(8,SPEED) BROWSE INCDIR(..\Flush) DEBUG OBJECTEXTEND PRIN
                    -T(.\Listings\DISP.lst) TABS(2) OBJECT(.\Objects\DISP.obj)

line level    source

   1          #include "DISP.h"
   2          #include "Func.h"
   3          
   4          sbit OE=P1^3;
   5          sbit duan=P1^4;
   6          sbit wei=P1^5;
   7          sbit K1=P2^0;
   8          sbit K2=P2^1;
   9          
  10          #define uchar unsigned char
  11          #define uint unsigned int
  12            
  13          uchar disp[8]={7,1,3,18,17,16,16,16};
  14          uchar code sled_bit[]={0xfe,0xfd,0xfb,0xf7,0xef,0xdf,0xbf,0x7f};
  15          uchar table[19]={0x3f,0x06,0x5b,0x4f,0x66,0x6d,0x7d,0x07,0x7f,0x6f,0x77,0x7c,0x39,0x5e,0x79,0x71,0x00,0x40
             -,0x73};
  16          uchar i=0;
  17          uchar temp;
  18          uchar d2;
  19          uchar hide=0xff;
  20          unsigned int count=0;
  21          
  22          extern data uchar  param[9];
  23          extern bit setup;
  24          extern data uchar flag;
  25          
  26          void scan() interrupt 1
  27          {
  28   1        uchar t;
  29   1        TH0=(65536-500)/256;
  30   1        TL0=(65536-500)%256;
  31   1        t=disp[i];
  32   1        OE=1;
  33   1        P0=table[t];
  34   1        if(i==5) P0=P0|0x80;
  35   1        duan=1;
  36   1        duan=0;
  37   1        P0=sled_bit[i];
  38   1        wei=1;
  39   1        wei=0;
  40   1        OE=0;
  41   1        i++;
  42   1        if(i>=8)
  43   1        {
  44   2          i=0;
  45   2        }
  46   1        count=count+1;
  47   1        if(count>=2000&&flag==0xff)           //5s且为运行状态
  48   1        {
  49   2          count=0;                            //重新记次
  50   2          readDAC();                          //调用读取电压值函数(见Func.c)
  51   2        }
  52   1      }

C51 COMPILER V9.59.0.0   DISP                                                              01/15/2019 00:48:44 PAGE 2   


MODULE INFORMATION:   STATIC OVERLAYABLE
   CODE SIZE        =    149    ----
   CONSTANT SIZE    =      8    ----
   XDATA SIZE       =   ----    ----
   PDATA SIZE       =   ----    ----
   DATA SIZE        =     33    ----
   IDATA SIZE       =   ----    ----
   BIT SIZE         =   ----    ----
END OF MODULE INFORMATION.


C51 COMPILATION COMPLETE.  0 WARNING(S),  0 ERROR(S)
