C51 COMPILER V9.59.0.0   IIC                                                               01/14/2019 19:03:48 PAGE 1   


C51 COMPILER V9.59.0.0, COMPILATION OF MODULE IIC
OBJECT MODULE PLACED IN .\Objects\IIC.obj
COMPILER INVOKED BY: C:\Keil_v5\C51\BIN\C51.EXE IIC.c OPTIMIZE(8,SPEED) BROWSE INCDIR(..\Flush) DEBUG OBJECTEXTEND PRINT
                    -(.\Listings\IIC.lst) TABS(2) OBJECT(.\Objects\IIC.obj)

line level    source

   1          #include "IIC.h"
   2          
   3          #define uchar unsigned char
   4          
   5          sbit sda=P3^4;
   6          sbit scl=P3^6;
   7          sbit erflags=PSW^5;
   8          sbit Cy=PSW^7;
   9          
  10          void Start(void)
  11          {
  12   1        scl=1;
  13   1        sda=1;
  14   1        delay5us();
  15   1        sda=0;
  16   1        delay4us();
  17   1        scl=0;
  18   1      }
  19          
  20          void Stop(void)
  21          {
  22   1        scl=0;
  23   1        sda=0;
  24   1        delay4us();
  25   1        scl=1;
  26   1        delay4us();
  27   1        sda=1;
  28   1        delay5us();
  29   1        sda=0;
  30   1      }
  31          
  32          void Ack(void)
  33          {
  34   1        uchar i;
  35   1        sda=0;
  36   1        scl=1;
  37   1        delay4us();
  38   1        while((sda==1)&&(i<255))i++;
  39   1        scl=0;
  40   1        delay4us();
  41   1      }
  42            
  43          void NoAck(void)
  44          {
  45   1        sda=1;
  46   1        scl=1;
  47   1        delay4us();
  48   1        scl=0;
  49   1        sda=0;
  50   1      }
  51          
  52          void cAck(void)
  53          {
  54   1        sda=1;
C51 COMPILER V9.59.0.0   IIC                                                               01/14/2019 19:03:48 PAGE 2   

  55   1        scl=1;
  56   1        F0=0;
  57   1        if(sda==1)
  58   1          F0=1;
  59   1        scl=0;
  60   1        _nop_();
  61   1      }
  62          
  63          void SendByte(uchar send)
  64          {
  65   1        uchar i,temp;
  66   1        temp=send;
  67   1        for(i=0;i<8;i++)
  68   1        {
  69   2          temp=temp<<1;
  70   2          scl=0;
  71   2          delay4us();
  72   2          sda=Cy;
  73   2          delay4us();
  74   2          scl=1;
  75   2          delay4us();
  76   2        }
  77   1        scl=0;
  78   1        delay4us();
  79   1        sda=1;
  80   1        delay4us();
  81   1      }
  82            
  83          uchar RcvByte(void)
  84          {
  85   1        uchar i,temp;
  86   1        scl=0;
  87   1        delay4us();
  88   1        sda=1;
  89   1        for(i=0;i<8;i++)
  90   1        {
  91   2          scl=1;
  92   2          delay4us();
  93   2          temp=(temp<<1)|sda;
  94   2          scl=0;
  95   2          delay4us();
  96   2        }
  97   1        delay4us();
  98   1            return temp;
  99   1      }
 100          
 101          void delay4us(void)
 102          {
 103   1        _nop_();_nop_();_nop_();_nop_();
 104   1      }
 105          void delay5us()
 106          {
 107   1        _nop_();_nop_();_nop_();_nop_();_nop_();
 108   1      }


MODULE INFORMATION:   STATIC OVERLAYABLE
   CODE SIZE        =    207    ----
   CONSTANT SIZE    =   ----    ----
   XDATA SIZE       =   ----    ----
   PDATA SIZE       =   ----    ----
   DATA SIZE        =   ----       5
C51 COMPILER V9.59.0.0   IIC                                                               01/14/2019 19:03:48 PAGE 3   

   IDATA SIZE       =   ----    ----
   BIT SIZE         =   ----    ----
END OF MODULE INFORMATION.


C51 COMPILATION COMPLETE.  0 WARNING(S),  0 ERROR(S)
